// Jest Snapshot v1, https://goo.gl/fbAQLP

exports[`Pruebas en SearchHeroesPage Debe de mostrar los valores por defecto 1`] = `
<div>
  <h1>
    Search
  </h1>
  <hr />
  <div
    class="row"
  >
    <div
      class="col-5"
    >
      <h4>
        Searching
      </h4>
      <hr />
      <form>
        <input
          autocomplete="off"
          class="form-control"
          name="searchText"
          placeholder="Search a hero"
          text="text"
          value=""
        />
        <button
          class="btn btn-outline-primary mt-1"
        >
          Search
        </button>
      </form>
    </div>
    <div
      class="col-7"
    >
      <h4>
        Result
      </h4>
      <hr />
      <div
        class="alert alert-primary animate__animated animate__fadeIn"
      >
        Search a heroe
      </div>
      <div
        aria-label="nohero"
        class="alert alert-danger animate__animated animate__fadeIn"
        style="display: none;"
      >
        No heroe with 
        <b />
      </div>
    </div>
  </div>
</div>
`;
